// Jest Snapshot v1, https://goo.gl/fbAQLP

exports[`form test required 1`] = `"{"post":{"mirror":false,"straighten_x":false,"straighten_y":false,"connector":false,"position_filter":""},"params":{"disp":-0.1,"breakpoints":[0,200,400,600,800,1000]},"arc":"arc(0,1000,0.00,1.00,s,1.00,0.00,0,none,false);"}"`;

exports[`form test required with post 1`] = `"{"post":{"mirror":true,"straighten_x":true,"straighten_y":true,"connector":true,"position_filter":"even"},"params":{"disp":-0.1,"breakpoints":[0,200,400,600,800,1000]},"arc":"arc(0,1000,0.00,1.00,s,1.00,0.00,0,none,false);"}"`;
