// Jest Snapshot v1, https://goo.gl/fbAQLP

exports[`form test all 1`] = `"{"params":{"zero_bar":4,"exact_bar":4,"bpm_range":200,"count":10,"stop":1000,"start":0}}"`;

exports[`form test required 1`] = `"{"params":{"bpm_range":200,"count":10,"stop":1000,"start":0}}"`;
