// Jest Snapshot v1, https://goo.gl/fbAQLP

exports[`form test all 1`] = `"{"params":{"easing_b_point":[0,1,0,1],"easing":"s","bar":4,"count":10,"stop_bpm":200,"start_bpm":200,"stop":1000,"start":0}}"`;

exports[`form test required 1`] = `"{"params":{"easing":"s","count":10,"stop_bpm":200,"start_bpm":200,"stop":1000,"start":0}}"`;
